Analyzing deepblue...                                           

  error - Target of URI doesn't exist: '../screens/ transactions/transaction_list_screen.dart' - lib\navigation\bottom_nav.dart:5:8 - uri_does_not_exist
  error - The method 'TransactionListScreen' isn't defined for the type '_BottomNavigationState' - lib\navigation\bottom_nav.dart:21:5 - undefined_method
   info - 'withOpacity' is deprecated and shouldn't be used. Use .withValues() to avoid precision loss - lib\screens\analytics\analytics_screen.dart:145:55 - deprecated_member_use
  error - Target of URI doesn't exist: '../ transactions/transaction_detail_screen.dart' - lib\screens\home\home_screen.dart:11:8 - uri_does_not_exist
  error - The method 'TransactionDetailScreen' isn't defined for the type '_HomeScreenState' - lib\screens\home\home_screen.dart:171:53 - undefined_method

